
Memory Configuration

Name             Origin             Length             Attributes
FLASH            0x0000000008000000 0x0000000000100000 xr
RAM              0x0000000020000000 0x0000000000030000 xrw
*default*        0x0000000000000000 0xffffffffffffffff

Linker script and memory map

LOAD /usr/lib/gcc/arm-none-eabi/7.3.1/thumb/v7e-m/libgcc.a
LOAD CMakeFiles/test.dir/core.S.o
LOAD CMakeFiles/test.dir/main.c.o
                0x0000000000002000                _stack_size = 0x2000

.text           0x0000000008000000      0x130
 *(.text)
 .text          0x0000000008000000       0x1c CMakeFiles/test.dir/core.S.o
                0x0000000008000000                vtable
                0x0000000008000008                reset_handler
 .text          0x000000000800001c      0x114 CMakeFiles/test.dir/main.c.o
                0x000000000800001c                main
                0x00000000080000cc                turn_on
                0x00000000080000ea                turn_off
                0x0000000008000108                delay

.rodata         0x0000000008000130       0x1c
 .rodata        0x0000000008000130       0x1c CMakeFiles/test.dir/main.c.o

.glue_7         0x000000000800014c        0x0
 .glue_7        0x000000000800014c        0x0 linker stubs

.glue_7t        0x000000000800014c        0x0
 .glue_7t       0x000000000800014c        0x0 linker stubs

.vfp11_veneer   0x000000000800014c        0x0
 .vfp11_veneer  0x000000000800014c        0x0 linker stubs

.v4_bx          0x000000000800014c        0x0
 .v4_bx         0x000000000800014c        0x0 linker stubs

.iplt           0x000000000800014c        0x0
 .iplt          0x000000000800014c        0x0 CMakeFiles/test.dir/core.S.o

.rel.dyn        0x000000000800014c        0x0
 .rel.iplt      0x000000000800014c        0x0 CMakeFiles/test.dir/core.S.o

.stack          0x0000000020000000     0x2000
                0x0000000020000000                __stack_end = .
                0x0000000020002000                . = (. + _stack_size)
 *fill*         0x0000000020000000     0x2000 
                0x0000000020002000                . = ALIGN (0x4)
                0x0000000020002000                __stack_start = .

.data           0x0000000020002000        0x0
 *(.data)
 .data          0x0000000020002000        0x0 CMakeFiles/test.dir/core.S.o
 .data          0x0000000020002000        0x0 CMakeFiles/test.dir/main.c.o

.igot.plt       0x0000000020002000        0x0
 .igot.plt      0x0000000020002000        0x0 CMakeFiles/test.dir/core.S.o

.bss            0x0000000020002000        0x0
 *(.bss)
 .bss           0x0000000020002000        0x0 CMakeFiles/test.dir/core.S.o
 .bss           0x0000000020002000        0x0 CMakeFiles/test.dir/main.c.o
OUTPUT(test elf32-littlearm)

.ARM.attributes
                0x0000000000000000       0x2f
 .ARM.attributes
                0x0000000000000000       0x21 CMakeFiles/test.dir/core.S.o
 .ARM.attributes
                0x0000000000000021       0x33 CMakeFiles/test.dir/main.c.o

.comment        0x0000000000000000       0x57
 .comment       0x0000000000000000       0x57 CMakeFiles/test.dir/main.c.o
                                         0x58 (size before relaxing)

.debug_line     0x0000000000000000      0x138
 .debug_line    0x0000000000000000       0x63 CMakeFiles/test.dir/core.S.o
 .debug_line    0x0000000000000063       0xd5 CMakeFiles/test.dir/main.c.o

.debug_info     0x0000000000000000      0x287
 .debug_info    0x0000000000000000       0x26 CMakeFiles/test.dir/core.S.o
 .debug_info    0x0000000000000026      0x261 CMakeFiles/test.dir/main.c.o

.debug_abbrev   0x0000000000000000       0xc7
 .debug_abbrev  0x0000000000000000       0x14 CMakeFiles/test.dir/core.S.o
 .debug_abbrev  0x0000000000000014       0xb3 CMakeFiles/test.dir/main.c.o

.debug_aranges  0x0000000000000000       0x40
 .debug_aranges
                0x0000000000000000       0x20 CMakeFiles/test.dir/core.S.o
 .debug_aranges
                0x0000000000000020       0x20 CMakeFiles/test.dir/main.c.o

.debug_str      0x0000000000000000      0x24d
 .debug_str     0x0000000000000000       0x5d CMakeFiles/test.dir/core.S.o
 .debug_str     0x000000000000005d      0x1f0 CMakeFiles/test.dir/main.c.o
                                        0x24e (size before relaxing)

.debug_frame    0x0000000000000000       0xa8
 .debug_frame   0x0000000000000000       0xa8 CMakeFiles/test.dir/main.c.o
